// Jest Snapshot v1, https://goo.gl/fbAQLP

exports[`Pruebas en <CounterApp /> snapshot 1`] = `
<div>
  <h1>
    CounterApp
  </h1>
  <h2
    aria-label="counter"
  />
  <button>
    +1
  </button>
  <button
    aria-label="btn-reset"
  >
    Reset
  </button>
  <button>
    -1
  </button>
</div>
`;
